// Jest Snapshot v1, https://goo.gl/fbAQLP

exports[`should render correctly 1`] = `
<div
  className="relative py-16 overflow-hidden"
>
  <div
    className="relative px-4 sm:px-6 lg:px-8"
  >
    <div
      className="text-lg max-w-prose mx-auto"
    >
      <h1>
        <span
          className="block text-base text-center text-fuchsia-500 tracking-wide"
        >
          heds / hedsDAO
        </span>
        <span
          className="mt-2 block text-3xl text-center leading-8 font-extrabold tracking-tight text-neutral-300 sm:text-4xl"
        >
          HOW IT STARTED
        </span>
      </h1>
      <p
        className="text-neutral-500 text-base mt-6 text-center"
      >
        <span
          className="text-neutral-400"
        >
          Heds started as a simple twitter group chat. 
        </span>
        10 producers, 2 software
						engineers, 1 sample, and some simple guidelines. No genre restrictions. Engineering went to work creating the first
						version of the heds interface that you see today, and the artists went about throwing together a completely
						unprecedented audio-visual experience. By sheer power of will & dedication to publishing forward-thinking art, we
						released the hedsTAPE 01 contract onto ETH mainnet. This set into motion a pattern of monthly curation cycles. With
						each cycle, we’re testing the boundaries of what it means to create a collaborative art piece.
      </p>
    </div>
    <hr
      className="border-neutral-700 h-2 max-w-3xl mx-auto w-full my-10 "
    />
    <div
      className="max-w-xl text-gray-500 mx-auto px-3"
    >
      <nav
        aria-label="Progress"
      >
        <ol
          className="overflow-hidden"
          role="list"
        >
          <li
            className="pb-10 relative"
            key="Sample"
          >
            <div
              aria-hidden="true"
              className="-ml-px absolute mt-0.5 top-4 left-4 w-0.5 h-full bg-fuchsia-600"
            />
            <div
              className="relative flex items-start group"
            >
              <span
                className="h-9 flex items-center"
              >
                <span
                  className="relative z-10 w-8 h-8 flex items-center justify-center bg-neutral-950 text-fuchsia-400 border-2 border-fuchsia-900 rounded-full"
                >
                  1
                </span>
              </span>
              <span
                className="ml-4 min-w-0 flex flex-col"
              >
                <span
                  className="text-lg text-fuchsia-500 font-base tracking-wide uppercase mb-1"
                >
                  Sample
                </span>
                <span
                  className="text-sm text-gray-500"
                >
                  A sample is provided by an artist and made available for download on the site. Artists can download the sample stems and must use at least 1 second of the sample in their submissions.
                </span>
              </span>
            </div>
          </li>
          <li
            className="pb-10 relative"
            key="Submissions"
          >
            <div
              aria-hidden="true"
              className="-ml-px absolute mt-0.5 top-4 left-4 w-0.5 h-full bg-fuchsia-600"
            />
            <div
              className="relative flex items-start group"
            >
              <span
                className="h-9 flex items-center"
              >
                <span
                  className="relative z-10 w-8 h-8 flex items-center justify-center bg-neutral-950 text-fuchsia-400 border-2 border-fuchsia-900 rounded-full"
                >
                  2
                </span>
              </span>
              <span
                className="ml-4 min-w-0 flex flex-col"
              >
                <span
                  className="text-lg text-fuchsia-500 font-base tracking-wide uppercase mb-1"
                >
                  Submissions
                </span>
                <span
                  className="text-sm text-gray-500"
                >
                  Artists create and submit their own tracks conforming only with the bpm and using at least 1 second of the sample. Submissions should be between 60 and 70 seconds as the final submissions will be mixed into the final tape.
                </span>
              </span>
            </div>
          </li>
          <li
            className="pb-10 relative"
            key="Vote"
          >
            <div
              aria-hidden="true"
              className="-ml-px absolute mt-0.5 top-4 left-4 w-0.5 h-full bg-fuchsia-600"
            />
            <div
              className="relative flex items-start group"
            >
              <span
                className="h-9 flex items-center"
              >
                <span
                  className="relative z-10 w-8 h-8 flex items-center justify-center bg-neutral-950 text-fuchsia-400 border-2 border-fuchsia-900 rounded-full"
                >
                  3
                </span>
              </span>
              <span
                className="ml-4 min-w-0 flex flex-col"
              >
                <span
                  className="text-lg text-fuchsia-500 font-base tracking-wide uppercase mb-1"
                >
                  Vote
                </span>
                <span
                  className="text-sm text-gray-500"
                >
                  The community votes on their favorite submissions. Voting power is determined from hedsTAPE(s) ownership. hedsTAPE(s) with a higher ratio of owners to tapes minted in the specific collection will have a higher voting power.
                </span>
              </span>
            </div>
          </li>
          <li
            className="pb-10 relative"
            key="Curation"
          >
            <div
              aria-hidden="true"
              className="-ml-px absolute mt-0.5 top-4 left-4 w-0.5 h-full bg-fuchsia-600"
            />
            <div
              className="relative flex items-start group"
            >
              <span
                className="h-9 flex items-center"
              >
                <span
                  className="relative z-10 w-8 h-8 flex items-center justify-center bg-neutral-950 text-fuchsia-400 border-2 border-fuchsia-900 rounded-full"
                >
                  4
                </span>
              </span>
              <span
                className="ml-4 min-w-0 flex flex-col"
              >
                <span
                  className="text-lg text-fuchsia-500 font-base tracking-wide uppercase mb-1"
                >
                  Curation
                </span>
                <span
                  className="text-sm text-gray-500"
                >
                  The 20 submissions with the most votes will then be sent to the sampe curator who will then select the final 10 submissions for the tape. If this number is less than 20, the curation step will move to the sample provider and 6ETH will be distributed evenly to those who submitted.
                </span>
              </span>
            </div>
          </li>
          <li
            className="relative"
            key="Mint"
          >
            <div
              className="relative flex items-start group"
            >
              <span
                className="h-9 flex items-center"
              >
                <span
                  className="relative z-10 w-8 h-8 flex items-center justify-center bg-neutral-950 text-fuchsia-400 border-2 border-fuchsia-900 rounded-full"
                >
                  5
                </span>
              </span>
              <span
                className="ml-4 min-w-0 flex flex-col"
              >
                <span
                  className="text-lg text-fuchsia-500 font-base tracking-wide uppercase mb-1"
                >
                  Mint
                </span>
                <span
                  className="text-sm text-gray-500"
                >
                  The artists on the tape receive 75% of the initial mint, the remaining 25% goes to the treasury.
                </span>
              </span>
            </div>
          </li>
        </ol>
      </nav>
    </div>
  </div>
</div>
`;
